[dotenv@17.2.3] injecting env (6) from .env -- tip: ΓÜÖ∩╕Å  enable debug logging with { debug: true }
Testing connection with settings:
- User: postgres
- Host: localhost
- DB: shineshelf
- Port: 5432
Γ¥î CONNECTION FAILED:
node : 
At line:1 char:1
+ node test-db.js > 
test_output.txt 2>&1
+ ~~~~~~~~~~~~~~~~~~~
~~~~~~~~~~~~~~~~~~~
    + CategoryInfo   
           : NotSpe  
  cified: (:String   
 ) [], RemoteExce    
ption
    + FullyQualified 
   ErrorId : Native  
  CommandError
 
